
Printing buffer parameters:

 _________________________________ 
|                                 |
| ....... 'BOA' LANGUAGE ........ |
|     __    __    __    __        |
|    /  \  /  \  /  \  /  \       |
| __/  __\/  __\/  __\/  __\__    |
| _/  /__/  /__/  /__/  /_____|   |
|  \_/ \   / \   / \   / \  \___  |
|       \_/   \_/   \_/   \___o_> |
|                                 |
| .. ALGONQUIN COLLEGE - 2022F .. |
|_________________________________|

[Option 'S': Starting SCANNER ....]

[Debug mode: 0]
Reading file INPUT0_Empty.mgn ....Please wait
----------------------------------
SEOF_T		0	

Printing string table...
----------------------------------
